// Jest Snapshot v1, https://goo.gl/fbAQLP

exports[`Users.vue renders correctly 1`] = `
<crow-stub
  gutters="true"
  tag="div"
>
  <ccol-stub
    col="12"
    tag="div"
    xl="8"
  >
    <ccard-stub
      name="slide"
    >
      <ccardheader-stub>
        
          Users
        
      </ccardheader-stub>
       
      <ccardbody-stub>
        <cdatatable-stub
          clickablerows="true"
          fields="[object Object],[object Object],[object Object],[object Object]"
          header="true"
          hover="true"
          index-column=""
          items="[object Object],[object Object],[object Object],[object Object],[object Object],[object Object],[object Object],[object Object],[object Object],[object Object],[object Object],[object Object],[object Object],[object Object],[object Object],[object Object],[object Object],[object Object],[object Object],[object Object],[object Object],[object Object],[object Object],[object Object],[object Object]"
          itemsperpage="5"
          pagination="[object Object]"
          responsive="true"
          sortervalue="[object Object]"
          striped="true"
        />
      </ccardbody-stub>
    </ccard-stub>
  </ccol-stub>
</crow-stub>
`;
