// Jest Snapshot v1, https://goo.gl/fbAQLP

exports[`User.vue renders correctly 1`] = `
<crow-stub
  gutters="true"
  tag="div"
>
  <ccol-stub
    col="12"
    lg="6"
    tag="div"
  >
    <ccard-stub>
      <ccardheader-stub>
        
        User id:  
      
      </ccardheader-stub>
       
      <ccardbody-stub>
        <cdatatable-stub
          fields="[object Object],[object Object]"
          fixed="true"
          header="true"
          items="[object Object]"
          itemsperpage="10"
          responsive="true"
          small=""
          sortervalue="[object Object]"
          striped="true"
        />
      </ccardbody-stub>
       
      <ccardfooter-stub>
        <cbutton-stub
          activeclass="active"
          color="primary"
          event="click"
          exactactiveclass="active"
          routertag="a"
          target="_self"
          type="button"
        >
          Back
        </cbutton-stub>
      </ccardfooter-stub>
    </ccard-stub>
  </ccol-stub>
</crow-stub>
`;
