// Jest Snapshot v1, https://goo.gl/fbAQLP

exports[`CChartBarExample renders correctly 1`] = `
<cchartbar-stub
  datasets="[object Object]"
  labels="months"
/>
`;
