// Jest Snapshot v1, https://goo.gl/fbAQLP

exports[`Breadcrumbs.vue renders correctly 1`] = `
<div
  class="row"
>
  <div
    class="col"
  >
    <div
      class="card"
    >
      <header
        class="card-header"
      >
        <svg
          class="c-icon"
          role="img"
          viewBox="0 0 64 64"
          xmlns="http://www.w3.org/2000/svg"
        >
          undefined
        </svg>
        <strong>
           Bootstrap Breadcrumb
        </strong>
         
        <div
          class="card-header-actions"
        >
          <a
            class="card-header-action"
            href="https://coreui.io/vue/docs/components/breadcrumb"
            rel="noreferrer noopener"
            target="_blank"
          >
            <small
              class="text-muted"
            >
              docs
            </small>
          </a>
        </div>
      </header>
       
      <div
        class="card-body"
      >
        <ol
          class="breadcrumb"
        >
          <li
            class="breadcrumb-item"
            role="presentation"
          >
            <a
              class=""
              href="#"
              target="_self"
            >
               Admin 
            </a>
          </li>
          <li
            class="breadcrumb-item"
            role="presentation"
          >
            <a
              class=""
              href="#"
              target="_self"
            >
               Manage 
            </a>
          </li>
          <li
            class="active breadcrumb-item"
            role="presentation"
          >
            <span>
              Library
            </span>
          </li>
        </ol>
         
        <ol
          class="breadcrumb"
        >
          <li
            class="breadcrumb-item"
            role="presentation"
          >
            <a
              class=""
              href="#"
              target="_self"
            >
               Go to dashboard 
            </a>
          </li>
          <li
            class="breadcrumb-item"
            role="presentation"
          >
            <a
              class=""
              href="#"
              target="_self"
            >
               Go to widgets 
            </a>
          </li>
          <li
            class="breadcrumb-item"
            role="presentation"
          >
            <a
              class=""
              href="http://google.com"
              target="_self"
            >
               Go to Google 
            </a>
          </li>
          <li
            class="active breadcrumb-item"
            role="presentation"
          >
            <span>
              Current page
            </span>
          </li>
        </ol>
         
        <ol
          class="breadcrumb"
        >
          <li
            class="font-xl breadcrumb-item"
            role="presentation"
          >
            <a
              class=""
              href="#"
              target="_self"
            >
               Added 
            </a>
          </li>
          <li
            class="font-xl breadcrumb-item"
            role="presentation"
          >
            <a
              class=""
              href="#"
              target="_self"
            >
               Custom 
            </a>
          </li>
          <li
            class="active font-xl text-danger breadcrumb-item"
            role="presentation"
          >
            <span>
              Classes
            </span>
          </li>
        </ol>
      </div>
    </div>
  </div>
</div>
`;
