// Jest Snapshot v1, https://goo.gl/fbAQLP

exports[`Collapses.vue renders correctly 1`] = `
<div
  class="row"
>
  <div
    class="col-12 col-md-6"
  >
    <div
      class="card"
    >
      <header
        class="card-header"
      >
        <svg
          class="c-icon"
          role="img"
          viewBox="0 0 64 64"
          xmlns="http://www.w3.org/2000/svg"
        >
          undefined
        </svg>
         
        <strong>
           Bootstrap Collapse 
        </strong>
         
        <div
          class="card-header-actions"
        >
          <a
            class="card-header-action"
            href="https://coreui.io/vue/docs/components/collapse"
            rel="noreferrer noopener"
            target="_blank"
          >
            <small
              class="text-muted"
            >
              docs
            </small>
          </a>
        </div>
      </header>
       
      <div
        class="card-body"
      >
        <button
          class="btn btn-primary"
          type="button"
        >
          
          Toggle Collapse
        
        </button>
         
        <div
          class="mt-2"
          style="display: none;"
        >
          <div
            class="card"
          >
            <div
              class="card-body"
            >
              <p
                class="card-text"
              >
                Collapse contents Here
              </p>
               
              <button
                class="btn btn-secondary btn-sm"
                type="button"
              >
                
              Toggle Inner Collapse
            
              </button>
               
              <div
                class="mt-2"
                style="display: none;"
              >
                <div
                  class="card"
                >
                  <div
                    class="card-body"
                  >
                    Hello!
                  </div>
                </div>
              </div>
            </div>
          </div>
        </div>
      </div>
    </div>
  </div>
</div>
`;
