// Jest Snapshot v1, https://goo.gl/fbAQLP

exports[`Navbars.vue renders correctly 1`] = `
<div>
  <ccard-stub>
    <ccardheader-stub>
      <cicon-stub
        name="cil-justify-center"
      />
       
      <strong>
         Bootstrap Navbar 
      </strong>
       
      <div
        class="card-header-actions"
      >
        <a
          class="card-header-action"
          href="https://coreui.io/vue/docs/components/navbar"
          rel="noreferrer noopener"
          target="_blank"
        >
          <small
            class="text-muted"
          >
            docs
          </small>
        </a>
      </div>
    </ccardheader-stub>
     
    <ccardbody-stub>
      <cnavbar-stub
        color="info"
        expandable="md"
        tag="nav"
      >
        <ctoggler-stub
          innavbar="true"
          tag="button"
        />
         
        <cnavbarbrand-stub
          activeclass="active"
          event="click"
          exactactiveclass="active"
          href="#"
          routertag="a"
          tag="div"
          target="_self"
        >
          NavBar
        </cnavbarbrand-stub>
         
        <ccollapse-stub
          duration="400"
          navbar="true"
          transition="ease-in-out"
        >
          <cnavbarnav-stub
            tag="ul"
          >
            <cnavitem-stub
              activeclass="active"
              event="click"
              exactactiveclass="active"
              href="#"
              routertag="a"
              target="_self"
            >
              Link
            </cnavitem-stub>
             
            <cnavitem-stub
              activeclass="active"
              disabled="true"
              event="click"
              exactactiveclass="active"
              href="#"
              routertag="a"
              target="_self"
            >
              Disabled
            </cnavitem-stub>
          </cnavbarnav-stub>
           
          <cnavbarnav-stub
            class="ml-auto"
            tag="ul"
          >
            <cform-stub
              class="align-middle"
              inline="true"
            >
              <cinput-stub
                class="mr-2 my-0"
                lazy="400"
                placeholder="Search"
                size="sm"
                type="text"
              />
               
              <cbutton-stub
                activeclass="active"
                color="light"
                event="click"
                exactactiveclass="active"
                routertag="a"
                size="sm"
                target="_self"
                type="button"
              >
                
                Search
              
              </cbutton-stub>
            </cform-stub>
             
            <cdropdown-stub
              caret="true"
              flip="true"
              innav="true"
              offset="0,0"
              placement="bottom-start"
              togglertext="Lang"
            >
              <cdropdownitem-stub
                activeclass="active"
                event="click"
                exactactiveclass="active"
                routertag="a"
                target="_self"
              >
                EN
              </cdropdownitem-stub>
               
              <cdropdownitem-stub
                activeclass="active"
                event="click"
                exactactiveclass="active"
                routertag="a"
                target="_self"
              >
                ES
              </cdropdownitem-stub>
               
              <cdropdownitem-stub
                activeclass="active"
                event="click"
                exactactiveclass="active"
                routertag="a"
                target="_self"
              >
                RU
              </cdropdownitem-stub>
               
              <cdropdownitem-stub
                activeclass="active"
                event="click"
                exactactiveclass="active"
                routertag="a"
                target="_self"
              >
                FA
              </cdropdownitem-stub>
            </cdropdown-stub>
             
            <cdropdown-stub
              caret="true"
              flip="true"
              innav="true"
              offset="0,0"
              placement="bottom-start"
              togglertext="User"
            >
              <cdropdownitem-stub
                activeclass="active"
                event="click"
                exactactiveclass="active"
                routertag="a"
                target="_self"
              >
                Profile
              </cdropdownitem-stub>
               
              <cdropdownitem-stub
                activeclass="active"
                event="click"
                exactactiveclass="active"
                routertag="a"
                target="_self"
              >
                Signout
              </cdropdownitem-stub>
            </cdropdown-stub>
          </cnavbarnav-stub>
        </ccollapse-stub>
      </cnavbar-stub>
    </ccardbody-stub>
  </ccard-stub>
   
  <ccard-stub>
    <ccardheader-stub>
      <cicon-stub
        name="cil-justify-center"
      />
       
      <strong>
         Navbar 
      </strong>
       
      <small>
        brand
      </small>
    </ccardheader-stub>
     
    <ccardbody-stub>
      <cnavbar-stub
        color="faded"
        light="true"
        tag="nav"
      >
        <cnavbarbrand-stub
          activeclass="active"
          event="click"
          exactactiveclass="active"
          href="#"
          routertag="a"
          tag="div"
          target="_self"
        >
          <img
            alt="CoreuiVue"
            class="d-inline-block align-top"
            src="https://placekitten.com/g/30/30"
          />
          
          CoreuiVue
        
        </cnavbarbrand-stub>
      </cnavbar-stub>
    </ccardbody-stub>
  </ccard-stub>
   
  <ccard-stub>
    <ccardheader-stub>
      <cicon-stub
        name="cil-justify-center"
      />
       
      <strong>
         Navbar 
      </strong>
       
      <small>
        text
      </small>
    </ccardheader-stub>
     
    <ccardbody-stub>
      <cnavbar-stub
        color="light"
        light="true"
        tag="nav"
        toggleable="sm"
      >
        <ctoggler-stub
          innavbar="true"
          tag="button"
        />
         
        <cnavbarbrand-stub
          activeclass="active"
          event="click"
          exactactiveclass="active"
          routertag="a"
          tag="div"
          target="_self"
        >
          CoreuiVue
        </cnavbarbrand-stub>
         
        <ccollapse-stub
          duration="400"
          navbar="true"
          transition="ease-in-out"
        >
          <cnavbarnav-stub
            tag="ul"
          >
            <cnavbartext-stub
              tag="div"
            >
              Navbar text
            </cnavbartext-stub>
          </cnavbarnav-stub>
        </ccollapse-stub>
      </cnavbar-stub>
    </ccardbody-stub>
  </ccard-stub>
   
  <ccard-stub>
    <ccardheader-stub>
      <cicon-stub
        name="cil-justify-center"
      />
       
      <strong>
         Navbar 
      </strong>
       
      <small>
        dropdown
      </small>
    </ccardheader-stub>
     
    <ccardbody-stub>
      <cnavbar-stub
        color="primary"
        expandable="sm"
        tag="nav"
      >
        <ctoggler-stub
          innavbar="true"
          tag="button"
        />
         
        <ccollapse-stub
          duration="400"
          navbar="true"
          transition="ease-in-out"
        >
          <cnavbarnav-stub
            tag="ul"
          >
            <cnavitem-stub
              activeclass="active"
              event="click"
              exactactiveclass="active"
              href="#"
              routertag="a"
              target="_self"
            >
              Home
            </cnavitem-stub>
             
            <cnavitem-stub
              activeclass="active"
              event="click"
              exactactiveclass="active"
              href="#"
              routertag="a"
              target="_self"
            >
              Link
            </cnavitem-stub>
             
            <cdropdown-stub
              caret="true"
              flip="true"
              innav="true"
              offset="0,0"
              placement="bottom-start"
              togglertext="Lang"
            >
              <cdropdownitem-stub
                activeclass="active"
                event="click"
                exactactiveclass="active"
                routertag="a"
                target="_self"
              >
                EN
              </cdropdownitem-stub>
               
              <cdropdownitem-stub
                activeclass="active"
                event="click"
                exactactiveclass="active"
                routertag="a"
                target="_self"
              >
                ES
              </cdropdownitem-stub>
               
              <cdropdownitem-stub
                activeclass="active"
                event="click"
                exactactiveclass="active"
                routertag="a"
                target="_self"
              >
                RU
              </cdropdownitem-stub>
               
              <cdropdownitem-stub
                activeclass="active"
                event="click"
                exactactiveclass="active"
                routertag="a"
                target="_self"
              >
                FA
              </cdropdownitem-stub>
            </cdropdown-stub>
             
            <cdropdown-stub
              caret="true"
              flip="true"
              innav="true"
              offset="0,0"
              placement="bottom-start"
              togglertext="User"
            >
              <cdropdownitem-stub
                activeclass="active"
                event="click"
                exactactiveclass="active"
                routertag="a"
                target="_self"
              >
                Account
              </cdropdownitem-stub>
               
              <cdropdownitem-stub
                activeclass="active"
                event="click"
                exactactiveclass="active"
                routertag="a"
                target="_self"
              >
                Settings
              </cdropdownitem-stub>
            </cdropdown-stub>
          </cnavbarnav-stub>
        </ccollapse-stub>
      </cnavbar-stub>
    </ccardbody-stub>
  </ccard-stub>
   
  <ccard-stub>
    <ccardheader-stub>
      <cicon-stub
        name="cil-justify-center"
      />
       
      <strong>
         Navbar 
      </strong>
       
      <small>
        form
      </small>
    </ccardheader-stub>
     
    <ccardbody-stub>
      <cnavbar-stub
        color="light"
        light="true"
        tag="nav"
      >
        <cform-stub
          inline="true"
        >
          <cinput-stub
            class="mr-sm-2"
            lazy="400"
            placeholder="Search"
            size="sm"
            type="text"
          />
           
          <cbutton-stub
            activeclass="active"
            class="my-2 my-sm-0"
            color="outline-success"
            event="click"
            exactactiveclass="active"
            routertag="a"
            target="_self"
            type="submit"
          >
            Search
          </cbutton-stub>
        </cform-stub>
      </cnavbar-stub>
    </ccardbody-stub>
  </ccard-stub>
   
  <ccard-stub>
    <ccardheader-stub>
      <cicon-stub
        name="cil-justify-center"
      />
       
      <strong>
         Navbar 
      </strong>
       
      <small>
        input group
      </small>
    </ccardheader-stub>
     
    <ccardbody-stub>
      <cnavbar-stub
        color="light"
        light="true"
        tag="nav"
      >
        <cform-stub
          inline="true"
        >
          <cinput-stub
            class="mr-sm-2"
            lazy="400"
            placeholder="Username"
            type="text"
          />
        </cform-stub>
      </cnavbar-stub>
    </ccardbody-stub>
  </ccard-stub>
</div>
`;
